// Jest Snapshot v1, https://goo.gl/fbAQLP

exports[`Home matches the snapshot 1`] = `
ShallowWrapper {
  "length": 1,
  Symbol(enzyme.__root__): [Circular],
  Symbol(enzyme.__unrendered__): <Home />,
  Symbol(enzyme.__renderer__): Object {
    "batchedUpdates": [Function],
    "getNode": [Function],
    "render": [Function],
    "simulateEvent": [Function],
    "unmount": [Function],
  },
  Symbol(enzyme.__node__): Object {
    "instance": null,
    "key": undefined,
    "nodeType": "host",
    "props": Object {
      "children": Array [
        <img
          alt="Happy Hour Hero Logo"
          className="homeLogo"
          src="home-logo.png"
/>,
        <h2>
          Find your happy hour:
</h2>,
        <withRouter(Connect(SearchBar)) />,
      ],
      "className": "homeContainer",
    },
    "ref": null,
    "rendered": Array [
      Object {
        "instance": null,
        "key": undefined,
        "nodeType": "host",
        "props": Object {
          "alt": "Happy Hour Hero Logo",
          "className": "homeLogo",
          "src": "home-logo.png",
        },
        "ref": null,
        "rendered": null,
        "type": "img",
      },
      Object {
        "instance": null,
        "key": undefined,
        "nodeType": "host",
        "props": Object {
          "children": "Find your happy hour:",
        },
        "ref": null,
        "rendered": "Find your happy hour:",
        "type": "h2",
      },
      Object {
        "instance": null,
        "key": undefined,
        "nodeType": "function",
        "props": Object {},
        "ref": null,
        "rendered": null,
        "type": [Function],
      },
    ],
    "type": "section",
  },
  Symbol(enzyme.__nodes__): Array [
    Object {
      "instance": null,
      "key": undefined,
      "nodeType": "host",
      "props": Object {
        "children": Array [
          <img
            alt="Happy Hour Hero Logo"
            className="homeLogo"
            src="home-logo.png"
/>,
          <h2>
            Find your happy hour:
</h2>,
          <withRouter(Connect(SearchBar)) />,
        ],
        "className": "homeContainer",
      },
      "ref": null,
      "rendered": Array [
        Object {
          "instance": null,
          "key": undefined,
          "nodeType": "host",
          "props": Object {
            "alt": "Happy Hour Hero Logo",
            "className": "homeLogo",
            "src": "home-logo.png",
          },
          "ref": null,
          "rendered": null,
          "type": "img",
        },
        Object {
          "instance": null,
          "key": undefined,
          "nodeType": "host",
          "props": Object {
            "children": "Find your happy hour:",
          },
          "ref": null,
          "rendered": "Find your happy hour:",
          "type": "h2",
        },
        Object {
          "instance": null,
          "key": undefined,
          "nodeType": "function",
          "props": Object {},
          "ref": null,
          "rendered": null,
          "type": [Function],
        },
      ],
      "type": "section",
    },
  ],
  Symbol(enzyme.__options__): Object {
    "adapter": ReactSixteenAdapter {
      "options": Object {
        "enableComponentDidUpdateOnSetState": true,
      },
    },
  },
}
`;
