// Jest Snapshot v1, https://goo.gl/fbAQLP

exports[`HappyHours matches the snapshot 1`] = `undefined`;
