// Jest Snapshot v1, https://goo.gl/fbAQLP

exports[`UserMarker matches the snapshot 1`] = `undefined`;
