// Jest Snapshot v1, https://goo.gl/fbAQLP

exports[`GoogleMap matches the snapshot 1`] = `undefined`;
