// Jest Snapshot v1, https://goo.gl/fbAQLP

exports[`rootReducer matches the snapshot 1`] = `[Function]`;
