// Jest Snapshot v1, https://goo.gl/fbAQLP

exports[`Header matches the snapshot 1`] = `
ShallowWrapper {
  "length": 1,
  Symbol(enzyme.__root__): [Circular],
  Symbol(enzyme.__unrendered__): <Header
    location={
        Object {
            "address": "some where",
          }
    }
/>,
  Symbol(enzyme.__renderer__): Object {
    "batchedUpdates": [Function],
    "getNode": [Function],
    "render": [Function],
    "simulateEvent": [Function],
    "unmount": [Function],
  },
  Symbol(enzyme.__node__): Object {
    "instance": null,
    "key": undefined,
    "nodeType": "host",
    "props": Object {
      "children": <section
        className="headerContainer"
>
        <i
                className="fas fa-bars"
        />
        <div
                className="headerLocation"
        >
                <p>
                        some where
                </p>
                <i
                        className="fas fa-caret-down"
                        onClick={[Function]}
                />
        </div>
</section>,
    },
    "ref": null,
    "rendered": Object {
      "instance": null,
      "key": undefined,
      "nodeType": "host",
      "props": Object {
        "children": Array [
          <i
            className="fas fa-bars"
/>,
          <div
            className="headerLocation"
>
            <p>
                        some where
            </p>
            <i
                        className="fas fa-caret-down"
                        onClick={[Function]}
            />
</div>,
        ],
        "className": "headerContainer",
      },
      "ref": null,
      "rendered": Array [
        Object {
          "instance": null,
          "key": undefined,
          "nodeType": "host",
          "props": Object {
            "className": "fas fa-bars",
          },
          "ref": null,
          "rendered": null,
          "type": "i",
        },
        Object {
          "instance": null,
          "key": undefined,
          "nodeType": "host",
          "props": Object {
            "children": Array [
              <p>
                some where
</p>,
              <i
                className="fas fa-caret-down"
                onClick={[Function]}
/>,
              null,
            ],
            "className": "headerLocation",
          },
          "ref": null,
          "rendered": Array [
            Object {
              "instance": null,
              "key": undefined,
              "nodeType": "host",
              "props": Object {
                "children": "some where",
              },
              "ref": null,
              "rendered": "some where",
              "type": "p",
            },
            Object {
              "instance": null,
              "key": undefined,
              "nodeType": "host",
              "props": Object {
                "className": "fas fa-caret-down",
                "onClick": [Function],
              },
              "ref": null,
              "rendered": null,
              "type": "i",
            },
            null,
          ],
          "type": "div",
        },
      ],
      "type": "section",
    },
    "type": "header",
  },
  Symbol(enzyme.__nodes__): Array [
    Object {
      "instance": null,
      "key": undefined,
      "nodeType": "host",
      "props": Object {
        "children": <section
          className="headerContainer"
>
          <i
                    className="fas fa-bars"
          />
          <div
                    className="headerLocation"
          >
                    <p>
                              some where
                    </p>
                    <i
                              className="fas fa-caret-down"
                              onClick={[Function]}
                    />
          </div>
</section>,
      },
      "ref": null,
      "rendered": Object {
        "instance": null,
        "key": undefined,
        "nodeType": "host",
        "props": Object {
          "children": Array [
            <i
              className="fas fa-bars"
/>,
            <div
              className="headerLocation"
>
              <p>
                            some where
              </p>
              <i
                            className="fas fa-caret-down"
                            onClick={[Function]}
              />
</div>,
          ],
          "className": "headerContainer",
        },
        "ref": null,
        "rendered": Array [
          Object {
            "instance": null,
            "key": undefined,
            "nodeType": "host",
            "props": Object {
              "className": "fas fa-bars",
            },
            "ref": null,
            "rendered": null,
            "type": "i",
          },
          Object {
            "instance": null,
            "key": undefined,
            "nodeType": "host",
            "props": Object {
              "children": Array [
                <p>
                  some where
</p>,
                <i
                  className="fas fa-caret-down"
                  onClick={[Function]}
/>,
                null,
              ],
              "className": "headerLocation",
            },
            "ref": null,
            "rendered": Array [
              Object {
                "instance": null,
                "key": undefined,
                "nodeType": "host",
                "props": Object {
                  "children": "some where",
                },
                "ref": null,
                "rendered": "some where",
                "type": "p",
              },
              Object {
                "instance": null,
                "key": undefined,
                "nodeType": "host",
                "props": Object {
                  "className": "fas fa-caret-down",
                  "onClick": [Function],
                },
                "ref": null,
                "rendered": null,
                "type": "i",
              },
              null,
            ],
            "type": "div",
          },
        ],
        "type": "section",
      },
      "type": "header",
    },
  ],
  Symbol(enzyme.__options__): Object {
    "adapter": ReactSixteenAdapter {
      "options": Object {
        "enableComponentDidUpdateOnSetState": true,
      },
    },
  },
}
`;
