// Jest Snapshot v1, https://goo.gl/fbAQLP

exports[`GoogleMap matches the snapshot 1`] = `
ShallowWrapper {
  "length": 1,
  Symbol(enzyme.__root__): [Circular],
  Symbol(enzyme.__unrendered__): <GoogleMap
    filteredRestaurants={Array []}
    latitude="1"
    location={
        Object {
            "latitude": "1",
            "longitude": "1",
          }
    }
/>,
  Symbol(enzyme.__renderer__): Object {
    "batchedUpdates": [Function],
    "getNode": [Function],
    "render": [Function],
    "simulateEvent": [Function],
    "unmount": [Function],
  },
  Symbol(enzyme.__node__): Object {
    "instance": null,
    "key": undefined,
    "nodeType": "host",
    "props": Object {
      "children": <GoogleMap
        debounced={true}
        defaultCenter={
                Object {
                        "lat": "1",
                        "lng": "1",
                      }
        }
        defaultZoom={16}
        distanceToMouse={[Function]}
        googleMapLoader={[Function]}
        heatmap={Object {}}
        heatmapLibrary={false}
        hoverDistance={30}
        layerTypes={Array []}
        options={[Function]}
        style={
                Object {
                        "height": "100%",
                        "margin": 0,
                        "padding": 0,
                        "position": "relative",
                        "width": "100%",
                      }
        }
        yesIWantToUseGoogleMapApiInternals={false}
>
        <Connect(UserMarker)
                lat="1"
                lng="1"
        />
</GoogleMap>,
      "className": "google-map",
    },
    "ref": null,
    "rendered": Object {
      "instance": null,
      "key": undefined,
      "nodeType": "class",
      "props": Object {
        "children": Array [
          <Connect(UserMarker)
            lat="1"
            lng="1"
/>,
          Array [],
        ],
        "debounced": true,
        "defaultCenter": Object {
          "lat": "1",
          "lng": "1",
        },
        "defaultZoom": 16,
        "distanceToMouse": [Function],
        "googleMapLoader": [Function],
        "heatmap": Object {},
        "heatmapLibrary": false,
        "hoverDistance": 30,
        "layerTypes": Array [],
        "options": [Function],
        "style": Object {
          "height": "100%",
          "margin": 0,
          "padding": 0,
          "position": "relative",
          "width": "100%",
        },
        "yesIWantToUseGoogleMapApiInternals": false,
      },
      "ref": null,
      "rendered": Array [
        Object {
          "instance": null,
          "key": undefined,
          "nodeType": "class",
          "props": Object {
            "lat": "1",
            "lng": "1",
          },
          "ref": null,
          "rendered": null,
          "type": [Function],
        },
      ],
      "type": [Function],
    },
    "type": "div",
  },
  Symbol(enzyme.__nodes__): Array [
    Object {
      "instance": null,
      "key": undefined,
      "nodeType": "host",
      "props": Object {
        "children": <GoogleMap
          debounced={true}
          defaultCenter={
                    Object {
                              "lat": "1",
                              "lng": "1",
                            }
          }
          defaultZoom={16}
          distanceToMouse={[Function]}
          googleMapLoader={[Function]}
          heatmap={Object {}}
          heatmapLibrary={false}
          hoverDistance={30}
          layerTypes={Array []}
          options={[Function]}
          style={
                    Object {
                              "height": "100%",
                              "margin": 0,
                              "padding": 0,
                              "position": "relative",
                              "width": "100%",
                            }
          }
          yesIWantToUseGoogleMapApiInternals={false}
>
          <Connect(UserMarker)
                    lat="1"
                    lng="1"
          />
</GoogleMap>,
        "className": "google-map",
      },
      "ref": null,
      "rendered": Object {
        "instance": null,
        "key": undefined,
        "nodeType": "class",
        "props": Object {
          "children": Array [
            <Connect(UserMarker)
              lat="1"
              lng="1"
/>,
            Array [],
          ],
          "debounced": true,
          "defaultCenter": Object {
            "lat": "1",
            "lng": "1",
          },
          "defaultZoom": 16,
          "distanceToMouse": [Function],
          "googleMapLoader": [Function],
          "heatmap": Object {},
          "heatmapLibrary": false,
          "hoverDistance": 30,
          "layerTypes": Array [],
          "options": [Function],
          "style": Object {
            "height": "100%",
            "margin": 0,
            "padding": 0,
            "position": "relative",
            "width": "100%",
          },
          "yesIWantToUseGoogleMapApiInternals": false,
        },
        "ref": null,
        "rendered": Array [
          Object {
            "instance": null,
            "key": undefined,
            "nodeType": "class",
            "props": Object {
              "lat": "1",
              "lng": "1",
            },
            "ref": null,
            "rendered": null,
            "type": [Function],
          },
        ],
        "type": [Function],
      },
      "type": "div",
    },
  ],
  Symbol(enzyme.__options__): Object {
    "adapter": ReactSixteenAdapter {
      "options": Object {
        "enableComponentDidUpdateOnSetState": true,
      },
    },
  },
}
`;
