// Jest Snapshot v1, https://goo.gl/fbAQLP

exports[`RestaurantInfo should match the snapshot 1`] = `
ShallowWrapper {
  "length": 1,
  Symbol(enzyme.__root__): [Circular],
  Symbol(enzyme.__unrendered__): <RestaurantInfo
    address="gonna"
    bestDrinkSpecial="neva"
    bestFoodSpecial="giv"
    joinedTimes="up"
    name="never"
    restaurant="you"
    restaurant_image="give"
/>,
  Symbol(enzyme.__renderer__): Object {
    "batchedUpdates": [Function],
    "getNode": [Function],
    "render": [Function],
    "simulateEvent": [Function],
    "unmount": [Function],
  },
  Symbol(enzyme.__node__): Object {
    "instance": null,
    "key": undefined,
    "nodeType": "host",
    "props": Object {
      "children": Array [
        <div
          className="restaurantImageBorder"
          style={
                    Object {
                              "backgroundImage": "url(main-img-border.png)",
                            }
          }
/>,
        <section
          className="restaurantInfo"
>
          <h1 />
          <p
                    className="restaurantAddress"
          />
          <h3>
                    happy hour times
          </h3>
          <p
                    className="times"
          >
                    up
          </p>
          <div
                    className="bestDeals"
          >
                    <p>
                              <em>
                                        best deal
                              </em>
                    </p>
                    <p>
                               
                              neva
                               
                    </p>
                    <p>
                               
                              giv
                               
                    </p>
          </div>
</section>,
      ],
      "className": "restaurantInfoContainer",
      "style": Object {
        "backgroundImage": "url(undefined)",
      },
    },
    "ref": null,
    "rendered": Array [
      Object {
        "instance": null,
        "key": undefined,
        "nodeType": "host",
        "props": Object {
          "className": "restaurantImageBorder",
          "style": Object {
            "backgroundImage": "url(main-img-border.png)",
          },
        },
        "ref": null,
        "rendered": null,
        "type": "div",
      },
      Object {
        "instance": null,
        "key": undefined,
        "nodeType": "host",
        "props": Object {
          "children": Array [
            <h1 />,
            <p
              className="restaurantAddress"
/>,
            <h3>
              happy hour times
</h3>,
            <p
              className="times"
>
              up
</p>,
            <div
              className="bestDeals"
>
              <p>
                            <em>
                                          best deal
                            </em>
              </p>
              <p>
                             
                            neva
                             
              </p>
              <p>
                             
                            giv
                             
              </p>
</div>,
          ],
          "className": "restaurantInfo",
        },
        "ref": null,
        "rendered": Array [
          Object {
            "instance": null,
            "key": undefined,
            "nodeType": "host",
            "props": Object {
              "children": undefined,
            },
            "ref": null,
            "rendered": null,
            "type": "h1",
          },
          Object {
            "instance": null,
            "key": undefined,
            "nodeType": "host",
            "props": Object {
              "children": undefined,
              "className": "restaurantAddress",
            },
            "ref": null,
            "rendered": null,
            "type": "p",
          },
          Object {
            "instance": null,
            "key": undefined,
            "nodeType": "host",
            "props": Object {
              "children": "happy hour times",
            },
            "ref": null,
            "rendered": "happy hour times",
            "type": "h3",
          },
          Object {
            "instance": null,
            "key": undefined,
            "nodeType": "host",
            "props": Object {
              "children": "up",
              "className": "times",
            },
            "ref": null,
            "rendered": "up",
            "type": "p",
          },
          Object {
            "instance": null,
            "key": undefined,
            "nodeType": "host",
            "props": Object {
              "children": Array [
                <p>
                  <em>
                                    best deal
                  </em>
</p>,
                <p>
                   
                  neva
                   
</p>,
                <p>
                   
                  giv
                   
</p>,
              ],
              "className": "bestDeals",
            },
            "ref": null,
            "rendered": Array [
              Object {
                "instance": null,
                "key": undefined,
                "nodeType": "host",
                "props": Object {
                  "children": <em>
                    best deal
</em>,
                },
                "ref": null,
                "rendered": Object {
                  "instance": null,
                  "key": undefined,
                  "nodeType": "host",
                  "props": Object {
                    "children": "best deal",
                  },
                  "ref": null,
                  "rendered": "best deal",
                  "type": "em",
                },
                "type": "p",
              },
              Object {
                "instance": null,
                "key": undefined,
                "nodeType": "host",
                "props": Object {
                  "children": Array [
                    " ",
                    "neva",
                    " ",
                  ],
                },
                "ref": null,
                "rendered": Array [
                  " ",
                  "neva",
                  " ",
                ],
                "type": "p",
              },
              Object {
                "instance": null,
                "key": undefined,
                "nodeType": "host",
                "props": Object {
                  "children": Array [
                    " ",
                    "giv",
                    " ",
                  ],
                },
                "ref": null,
                "rendered": Array [
                  " ",
                  "giv",
                  " ",
                ],
                "type": "p",
              },
            ],
            "type": "div",
          },
        ],
        "type": "section",
      },
    ],
    "type": "section",
  },
  Symbol(enzyme.__nodes__): Array [
    Object {
      "instance": null,
      "key": undefined,
      "nodeType": "host",
      "props": Object {
        "children": Array [
          <div
            className="restaurantImageBorder"
            style={
                        Object {
                                    "backgroundImage": "url(main-img-border.png)",
                                  }
            }
/>,
          <section
            className="restaurantInfo"
>
            <h1 />
            <p
                        className="restaurantAddress"
            />
            <h3>
                        happy hour times
            </h3>
            <p
                        className="times"
            >
                        up
            </p>
            <div
                        className="bestDeals"
            >
                        <p>
                                    <em>
                                                best deal
                                    </em>
                        </p>
                        <p>
                                     
                                    neva
                                     
                        </p>
                        <p>
                                     
                                    giv
                                     
                        </p>
            </div>
</section>,
        ],
        "className": "restaurantInfoContainer",
        "style": Object {
          "backgroundImage": "url(undefined)",
        },
      },
      "ref": null,
      "rendered": Array [
        Object {
          "instance": null,
          "key": undefined,
          "nodeType": "host",
          "props": Object {
            "className": "restaurantImageBorder",
            "style": Object {
              "backgroundImage": "url(main-img-border.png)",
            },
          },
          "ref": null,
          "rendered": null,
          "type": "div",
        },
        Object {
          "instance": null,
          "key": undefined,
          "nodeType": "host",
          "props": Object {
            "children": Array [
              <h1 />,
              <p
                className="restaurantAddress"
/>,
              <h3>
                happy hour times
</h3>,
              <p
                className="times"
>
                up
</p>,
              <div
                className="bestDeals"
>
                <p>
                                <em>
                                                best deal
                                </em>
                </p>
                <p>
                                 
                                neva
                                 
                </p>
                <p>
                                 
                                giv
                                 
                </p>
</div>,
            ],
            "className": "restaurantInfo",
          },
          "ref": null,
          "rendered": Array [
            Object {
              "instance": null,
              "key": undefined,
              "nodeType": "host",
              "props": Object {
                "children": undefined,
              },
              "ref": null,
              "rendered": null,
              "type": "h1",
            },
            Object {
              "instance": null,
              "key": undefined,
              "nodeType": "host",
              "props": Object {
                "children": undefined,
                "className": "restaurantAddress",
              },
              "ref": null,
              "rendered": null,
              "type": "p",
            },
            Object {
              "instance": null,
              "key": undefined,
              "nodeType": "host",
              "props": Object {
                "children": "happy hour times",
              },
              "ref": null,
              "rendered": "happy hour times",
              "type": "h3",
            },
            Object {
              "instance": null,
              "key": undefined,
              "nodeType": "host",
              "props": Object {
                "children": "up",
                "className": "times",
              },
              "ref": null,
              "rendered": "up",
              "type": "p",
            },
            Object {
              "instance": null,
              "key": undefined,
              "nodeType": "host",
              "props": Object {
                "children": Array [
                  <p>
                    <em>
                                        best deal
                    </em>
</p>,
                  <p>
                     
                    neva
                     
</p>,
                  <p>
                     
                    giv
                     
</p>,
                ],
                "className": "bestDeals",
              },
              "ref": null,
              "rendered": Array [
                Object {
                  "instance": null,
                  "key": undefined,
                  "nodeType": "host",
                  "props": Object {
                    "children": <em>
                      best deal
</em>,
                  },
                  "ref": null,
                  "rendered": Object {
                    "instance": null,
                    "key": undefined,
                    "nodeType": "host",
                    "props": Object {
                      "children": "best deal",
                    },
                    "ref": null,
                    "rendered": "best deal",
                    "type": "em",
                  },
                  "type": "p",
                },
                Object {
                  "instance": null,
                  "key": undefined,
                  "nodeType": "host",
                  "props": Object {
                    "children": Array [
                      " ",
                      "neva",
                      " ",
                    ],
                  },
                  "ref": null,
                  "rendered": Array [
                    " ",
                    "neva",
                    " ",
                  ],
                  "type": "p",
                },
                Object {
                  "instance": null,
                  "key": undefined,
                  "nodeType": "host",
                  "props": Object {
                    "children": Array [
                      " ",
                      "giv",
                      " ",
                    ],
                  },
                  "ref": null,
                  "rendered": Array [
                    " ",
                    "giv",
                    " ",
                  ],
                  "type": "p",
                },
              ],
              "type": "div",
            },
          ],
          "type": "section",
        },
      ],
      "type": "section",
    },
  ],
  Symbol(enzyme.__options__): Object {
    "adapter": ReactSixteenAdapter {
      "options": Object {
        "enableComponentDidUpdateOnSetState": true,
      },
    },
  },
}
`;
